PASS sha1: deterministic explicit-base single parent, safe config and real guarded positive landing (1612ms)
PASS sha256: deterministic explicit-base single parent, safe config and real guarded positive landing (1529ms)
PASS native guard rejects wrong old/new/ref, HEAD-only, symbolic/detached binding and malformed/missing context (1052ms)
PASS same-tree backward drift rejected by ORIG_HEAD guard before checkout; final guard independently rejects wrong-old (989ms)
PASS during-command same-tree ref race preserves third OID and partial OWN checkout (654ms)
PASS during-command different-tree ref race preserves third OID and partial OWN checkout (725ms)
PASS foreign refs/heads/main.lock retained, no speculative removal (831ms)
PASS foreign HEAD.lock retained, no speculative removal (976ms)
PASS foreign index.lock retained, no speculative removal (675ms)
PASS preexisting tracked state retained and not accepted (512ms)
PASS preexisting index state retained and not accepted (545ms)
PASS preexisting untracked state retained and not accepted (550ms)
PASS preexisting ignored state retained and not accepted (450ms)
PASS preexisting directory state retained and not accepted (509ms)
PASS preexisting symlink state retained and not accepted (590ms)
PASS preexisting sequencer state retained and not accepted (301ms)
PASS preexisting branch state retained and not accepted (268ms)
PASS preexisting duplicate state retained and not accepted (332ms)
PASS private refs use exact expected-absent CAS and reject symbolic/conflicting replay (291ms)
PASS common-dir lock serializes linked worktrees and native common/admin/root replacement rejects (389ms)
PASS conflict and required unsupported attributes fail closed without target movement (367ms)
PASS real two-node integration across fresh services: isolated prefix/final, exact proposal, acceptance once and successor readiness (45803ms)
PASS actual final nonPASS blocks landing, retains exact results on replay, cannot bypass lifecycle or generation (16996ms)
PASS durable landing-intent acknowledgement loss: fresh reload reconciles once (19580ms)
PASS durable git-exited acknowledgement loss: fresh reload reconciles once (18093ms)
PASS durable landed acknowledgement loss: fresh reload reconciles once (19457ms)
PASS pause/cancellation during actual combined check persists immediately (no long snapshot lock) and never lands (17803ms)
27/27 native acceptance tests passed
