PASS sha1: deterministic explicit-base single parent, safe config and real guarded positive landing (3262ms)
PASS sha256: deterministic explicit-base single parent, safe config and real guarded positive landing (3748ms)
PASS native guard rejects wrong old/new/ref, HEAD-only, symbolic/detached binding and malformed/missing context (2627ms)
PASS same-tree backward drift rejected by ORIG_HEAD guard before checkout; final guard independently rejects wrong-old (2389ms)
PASS during-command same-tree ref race preserves third OID and partial OWN checkout (1655ms)
PASS during-command different-tree ref race preserves third OID and partial OWN checkout (1874ms)
PASS foreign refs/heads/main.lock retained, no speculative removal (1958ms)
PASS foreign HEAD.lock retained, no speculative removal (1819ms)
PASS foreign index.lock retained, no speculative removal (1531ms)
PASS preexisting tracked state retained and not accepted (1367ms)
PASS preexisting index state retained and not accepted (1441ms)
PASS preexisting untracked state retained and not accepted (1236ms)
PASS preexisting ignored state retained and not accepted (1224ms)
PASS preexisting directory state retained and not accepted (1471ms)
PASS preexisting symlink state retained and not accepted (1501ms)
PASS preexisting sequencer state retained and not accepted (771ms)
PASS preexisting branch state retained and not accepted (749ms)
PASS preexisting duplicate state retained and not accepted (774ms)
PASS private refs use exact expected-absent CAS and reject symbolic/conflicting replay (642ms)
PASS common-dir lock serializes linked worktrees and native common/admin/root replacement rejects (1025ms)
PASS conflict and required unsupported attributes fail closed without target movement (827ms)
PASS real two-node integration across fresh services: isolated prefix/final, exact proposal, acceptance once and successor readiness (115097ms)
PASS actual final nonPASS blocks landing, retains exact results on replay, cannot bypass lifecycle or generation (41796ms)
PASS durable landing-intent acknowledgement loss: fresh reload reconciles once (45162ms)
PASS durable git-exited acknowledgement loss: fresh reload reconciles once (42226ms)
PASS durable landed acknowledgement loss: fresh reload reconciles once (43989ms)
PASS pause/cancellation during actual combined check persists immediately (no long snapshot lock) and never lands (53387ms)
FAIL stored combined evidence rejects stale candidate/prefix corruption; lease takeover fences dispatch without repeating checks AssertionError [ERR_ASSERTION]: The input did not match the regular expression /STALE_LEASE/. Input:

'AssertionError [ERR_ASSERTION]: The input did not match the regular expression /MISMATCH/. Input:\n' +
  '\n' +
  "'Error: EXECUTOR_WITHOUT_LIFECYCLE_INTENT'\n"

    at async file:///home/jordan/gh/from-nibly/pi-dag-workflow/.git/ordinary-legacy-plus-git/scripts/dag-v2-git-acceptance-test.mjs:193:5
    at async file:///home/jordan/gh/from-nibly/pi-dag-workflow/.git/ordinary-legacy-plus-git/scripts/dag-v2-git-acceptance-test.mjs:272:69 {
  generatedMessage: true,
  code: 'ERR_ASSERTION',
  actual: [AssertionError],
  expected: /STALE_LEASE/,
  operator: 'rejects',
  diff: 'simple'
}
PASS repository user hooks never run, including configured hook directories (4117ms)
PASS native root replacement retains original binding instead of adopting copied resources (1292ms)
PASS native admin replacement retains original binding instead of adopting copied resources (1483ms)
PASS real Git SIGKILL before-checkout: retain effects and reconcile without rollback (37890ms)
PASS real Git SIGKILL after-checkout: retain effects and reconcile without rollback (28593ms)
PASS real Git SIGKILL after-ref: retain effects and reconcile without rollback (27399ms)
PASS successful no-op command acknowledgement is old-clean, never completion; bounded real redispatch (27956ms)
PASS real owner SIGKILL at landing-intent, fresh lease and service recover one landing (28194ms)
PASS real owner SIGKILL at git-exited, fresh lease and service recover one landing (27121ms)
36/37 native acceptance tests passed
