PASS closed applicability and oracle schema cannot skip checkpoints or add attestation fields (0.07s)
PASS worker claim and permissive integration adapter cannot advance; complete actual F0-F8 can (5.63s)
PASS missing, wrong-plan, attempt, generation and candidate results never advance (0.74s)
PASS failed argv retains exact exit, timing, bounded output and actionable diagnostics (0.60s)
PASS only actually invoked producers are evidence; missing producers and executables block (1.60s)
PASS command acknowledgement loss and service reload read one durable execution (0.66s)
PASS F2/F5 must be fresh independent contexts even for a trusted result adapter (1.94s)
PASS candidate changes invalidate F2/F5/F7/readiness, preserve prior results and quarantine late outcomes (5.97s)
PASS F7 checks run on clean materializations of exact final candidate; editing checks fail (2.71s)
PASS pause permits settlement but not dispatch; cancellation fences before signal and quarantines late results (1.36s)
PASS unlaunched cancelled intent cannot spawn and needs explicit durable non-execution reconciliation (0.45s)
PASS typed plan-affecting findings stop the whole run; explicit disposition required (0.66s)
FAIL test-evidence findings route F6 to F3 without discarding unchanged F2, production defects route F1 Error: UNRESOLVED_FINDINGS
    at requireV2 (file:///home/jordan/gh/from-nibly/pi-dag-workflow/.git/ordinary-legacy-plus-lifecycle/extensions/dag-workflow/planning/v2.ts:49:107)
    at assertStageV2 (file:///home/jordan/gh/from-nibly/pi-dag-workflow/.git/ordinary-legacy-plus-lifecycle/extensions/dag-workflow/runtime-v2/lifecycle.ts:74:3)
    at auditLifecycleV2 (file:///home/jordan/gh/from-nibly/pi-dag-workflow/.git/ordinary-legacy-plus-lifecycle/extensions/dag-workflow/runtime-v2/lifecycle.ts:65:61)
    at auditSnapshotV2 (file:///home/jordan/gh/from-nibly/pi-dag-workflow/.git/ordinary-legacy-plus-lifecycle/extensions/dag-workflow/runtime-v2/state.ts:76:28)
    at file:///home/jordan/gh/from-nibly/pi-dag-workflow/.git/ordinary-legacy-plus-lifecycle/extensions/dag-workflow/runtime-v2/store.ts:132:9
    at file:///home/jordan/gh/from-nibly/pi-dag-workflow/.git/ordinary-legacy-plus-lifecycle/extensions/dag-workflow/runtime-v2/service.ts:289:73
    at async StoreV2.transaction (file:///home/jordan/gh/from-nibly/pi-dag-workflow/.git/ordinary-legacy-plus-lifecycle/extensions/dag-workflow/runtime-v2/store.ts:130:22)
    at async execute (file:///home/jordan/gh/from-nibly/pi-dag-workflow/.git/ordinary-legacy-plus-lifecycle/scripts/dag-v2-lifecycle-test.mjs:30:111)
    at async file:///home/jordan/gh/from-nibly/pi-dag-workflow/.git/ordinary-legacy-plus-lifecycle/scripts/dag-v2-lifecycle-test.mjs:193:56
    at async file:///home/jordan/gh/from-nibly/pi-dag-workflow/.git/ordinary-legacy-plus-lifecycle/scripts/dag-v2-lifecycle-test.mjs:242:71
FAIL per-dimension retries and no-progress stop; replacements cannot reset counters AssertionError [ERR_ASSERTION]: Expected values to be strictly deep-equal:
+ actual - expected

  [
+   [Object: null prototype] {
-   {
      count: 2,
      dimension: 'product',
      failures: [
        `{"argv":["/nix/store/3307vfpkpybyzf4w7mcn1pavnylsvb35-nodejs-slim-24.19.0/bin/node","-e","console.error('actionable failure'); process.exit(7)"],"kind":"command"}:exit=7:signal=null`,
        `{"argv":["/nix/store/3307vfpkpybyzf4w7mcn1pavnylsvb35-nodejs-slim-24.19.0/bin/node","-e","console.error('actionable failure'); process.exit(7)"],"kind":"command"}:exit=7:signal=null`

    at file:///home/jordan/gh/from-nibly/pi-dag-workflow/.git/ordinary-legacy-plus-lifecycle/scripts/dag-v2-lifecycle-test.mjs:210:12
    at async file:///home/jordan/gh/from-nibly/pi-dag-workflow/.git/ordinary-legacy-plus-lifecycle/scripts/dag-v2-lifecycle-test.mjs:242:71 {
  generatedMessage: true,
  code: 'ERR_ASSERTION',
  actual: [Array],
  expected: [Array],
  operator: 'deepStrictEqual',
  diff: 'simple'
}
PASS infrastructure retry has its own one-retry ceiling (0.79s)
PASS executor process death leaves ambiguity, not replay; verified settlement permits bounded retry (1.01s)
14/16 passed
