PASS closed applicability and oracle schema cannot skip checkpoints or add attestation fields (0.08s)
PASS worker claim and permissive integration adapter cannot advance; complete actual F0-F8 can (7.22s)
PASS missing, wrong-plan, attempt, generation and candidate results never advance (0.99s)
PASS failed argv retains exact exit, timing, bounded output and actionable diagnostics (0.80s)
PASS only actually invoked producers are evidence; missing producers and executables block (2.03s)
PASS command acknowledgement loss and service reload read one durable execution (0.63s)
PASS F2/F5 must be fresh independent contexts even for a trusted result adapter (2.30s)
PASS candidate changes invalidate F2/F5/F7/readiness, preserve prior results and quarantine late outcomes (6.80s)
PASS F7 checks run on clean materializations of exact final candidate; editing checks fail (3.40s)
PASS pause permits settlement but not dispatch; cancellation fences before signal and quarantines late results (2.22s)
PASS unlaunched cancelled intent cannot spawn and needs explicit durable non-execution reconciliation (0.58s)
PASS typed plan-affecting findings stop the whole run; explicit disposition required (0.67s)
PASS test-evidence findings route F6 to F3 without discarding unchanged F2, production defects route F1 (9.41s)
PASS per-dimension retries and no-progress stop; replacements cannot reset counters (1.66s)
PASS infrastructure retry has its own one-retry ceiling (0.78s)
PASS executor process death leaves ambiguity, not replay; verified settlement permits bounded retry (1.10s)
PASS not-applicable check has positive plan evidence and is never invoked or attested (6.20s)
PASS producer callback alone cannot claim a fresh F5 context; malformed output settles as protocol failure (4.55s)
PASS process death after result rename reconciles exact durable outcome without reexecution (1.77s)
PASS a real behavioral oracle fails on an invalid committed candidate despite static success (1.04s)
PASS cancellation between durable job intent and actual invocation cannot start a producer (0.58s)
PASS recurring candidate tree stops at adoption and retained history survives replacement (0.46s)
PASS independent evaluator contexts cannot be reused across work items (2.17s)
23/23 passed
