PASS closed applicability and oracle schema cannot skip checkpoints or add attestation fields (0.07s)
PASS worker claim and permissive integration adapter cannot advance; complete actual F0-F8 can (5.70s)
PASS missing, wrong-plan, attempt, generation and candidate results never advance (0.71s)
PASS failed argv retains exact exit, timing, bounded output and actionable diagnostics (0.55s)
PASS only actually invoked producers are evidence; missing producers and executables block (1.48s)
PASS command acknowledgement loss and service reload read one durable execution (0.63s)
PASS F2/F5 must be fresh independent contexts even for a trusted result adapter (1.96s)
PASS candidate changes invalidate F2/F5/F7/readiness, preserve prior results and quarantine late outcomes (6.01s)
PASS F7 checks run on clean materializations of exact final candidate; editing checks fail (3.02s)
PASS pause permits settlement but not dispatch; cancellation fences before signal and quarantines late results (1.32s)
PASS unlaunched cancelled intent cannot spawn and needs explicit durable non-execution reconciliation (0.53s)
PASS typed plan-affecting findings stop the whole run; explicit disposition required (0.67s)
PASS test-evidence findings route F6 to F3 without discarding unchanged F2, production defects route F1 (7.19s)
PASS per-dimension retries and no-progress stop; replacements cannot reset counters (1.68s)
PASS infrastructure retry has its own one-retry ceiling (0.81s)
PASS executor process death leaves ambiguity, not replay; verified settlement permits bounded retry (0.96s)
PASS not-applicable check has positive plan evidence and is never invoked or attested (5.40s)
PASS producer callback alone cannot claim a fresh F5 context; malformed output settles as protocol failure (3.92s)
PASS process death after result rename reconciles exact durable outcome without reexecution (1.03s)
19/19 passed
