PASS root untracked attributes: eligibility, dirty old/new recovery and third target run no filter (1286ms)
PASS root ignored attributes: eligibility, dirty old/new recovery and third target run no filter (1311ms)
PASS root staged attributes: eligibility, dirty old/new recovery and third target run no filter (1226ms)
PASS root index-only attributes: eligibility, dirty old/new recovery and third target run no filter (1206ms)
PASS root skip-worktree attributes: eligibility, dirty old/new recovery and third target run no filter (1154ms)
PASS root assume-unchanged attributes: eligibility, dirty old/new recovery and third target run no filter (1220ms)
PASS nested untracked attributes: eligibility, dirty old/new recovery and third target run no filter (1270ms)
PASS nested ignored attributes: eligibility, dirty old/new recovery and third target run no filter (1320ms)
PASS nested staged attributes: eligibility, dirty old/new recovery and third target run no filter (1261ms)
PASS nested index-only attributes: eligibility, dirty old/new recovery and third target run no filter (1195ms)
PASS nested skip-worktree attributes: eligibility, dirty old/new recovery and third target run no filter (1135ms)
PASS nested assume-unchanged attributes: eligibility, dirty old/new recovery and third target run no filter (1215ms)
PASS ignored-directory untracked attributes: eligibility, dirty old/new recovery and third target run no filter (1344ms)
PASS ignored-directory ignored attributes: eligibility, dirty old/new recovery and third target run no filter (1347ms)
PASS ignored-directory staged attributes: eligibility, dirty old/new recovery and third target run no filter (1189ms)
PASS ignored-directory index-only attributes: eligibility, dirty old/new recovery and third target run no filter (1199ms)
PASS ignored-directory skip-worktree attributes: eligibility, dirty old/new recovery and third target run no filter (1262ms)
PASS ignored-directory assume-unchanged attributes: eligibility, dirty old/new recovery and third target run no filter (1164ms)
PASS unmerged index attribute entries are rejected without refreshing the index (1191ms)
PASS primary info attributes reject before any filter process (1407ms)
PASS linked info attributes reject before any filter process (1499ms)
PASS configured long-running filter.process is never launched by rejected observations (1195ms)
PASS dirty target with unused filters and disabled fsmonitor/external diff runs no external command (1119ms)
PASS global/default and configured attributes are disabled, not unrelated repository bans (1383ms)
24/24 attribute regressions passed
