PASS closed applicability and oracle schema cannot skip checkpoints or add attestation fields (0.05s)
PASS worker claim and permissive integration adapter cannot advance; complete actual F0-F8 can (15.57s)
PASS missing, wrong-plan, attempt, generation and candidate results never advance (1.34s)
PASS failed argv retains exact exit, timing, bounded output and actionable diagnostics (1.29s)
PASS only actually invoked producers are evidence; missing producers and executables block (2.82s)
PASS command acknowledgement loss and service reload read one durable execution (1.26s)
PASS F2/F5 must be fresh independent contexts even for a trusted result adapter (5.41s)
PASS candidate changes invalidate F2/F5/F7/readiness, preserve prior results and quarantine late outcomes (16.63s)
PASS F7 checks run on clean materializations of exact final candidate; editing checks fail (7.51s)
PASS pause permits settlement but not dispatch; cancellation fences before signal and quarantines late results (2.45s)
PASS unlaunched cancelled intent cannot spawn and needs explicit durable non-execution reconciliation (0.59s)
PASS typed plan-affecting findings stop the whole run; explicit disposition required (0.99s)
PASS test-evidence findings route F6 to F3 without discarding unchanged F2, production defects route F1 (18.94s)
PASS per-dimension retries and no-progress stop; replacements cannot reset counters (3.76s)
PASS infrastructure retry has its own one-retry ceiling (1.01s)
PASS executor process death leaves ambiguity, not replay; verified settlement permits bounded retry (1.56s)
PASS not-applicable check has positive plan evidence and is never invoked or attested (15.16s)
PASS producer callback alone cannot claim a fresh F5 context; malformed output settles as protocol failure (10.12s)
PASS process death after result rename reconciles exact durable outcome without reexecution (1.92s)
PASS extinction receipt survives crash after candidate cleanup before lifecycle publication (2.00s)
PASS a real behavioral oracle fails on an invalid committed candidate despite static success (2.39s)
PASS cancellation between durable job intent and actual invocation cannot start a producer (0.63s)
PASS recurring candidate tree stops at adoption and retained history survives replacement (0.54s)
PASS independent evaluator contexts cannot be reused across work items (4.92s)
PASS inherited Git selectors/config cannot redirect source inspection, checks or no-edit validation (1.39s)
PASS contradictory dirty cleanup cannot retain a PASS even if the cleanliness observer claimed clean (0.97s)
PASS same-session unref descendant prevents premature settlement/cleanup (normal leader exit) (3.21s)
PASS same-session unref descendant prevents premature settlement/cleanup (abort with TERM resistance) (2.63s)
PASS timeout escalation survives argv leader close and kills TERM-resistant descendants (1.67s)
PASS uncertain settlement retains a BLOCKED journal and workspace, not a settled retryable outcome (1.20s)
PASS executor crash preserves a durable session identity; live descendants forbid reconciliation and retry (2.93s)
PASS finite fork/exit handoff requires kernel extinction before durable result (normal) (2.73s)
PASS finite fork/exit handoff requires kernel extinction before durable result (cancelled) (3.17s)
PASS finite handoff crash reconciliation: lost owner (3.48s)
PASS finite handoff crash reconciliation: lost outcome acknowledgement (3.21s)
PASS finite handoff crash reconciliation: lost supervisor (3.40s)
PASS current-intent fencing at the subreaper gate prevents actual command launch (1.25s)
PASS missing Python capability fails closed before argv launch (0.03s)
38/38 passed
