PASS sha1: deterministic explicit-base single parent, safe config and real guarded positive landing (2252ms)
PASS sha256: deterministic explicit-base single parent, safe config and real guarded positive landing (2271ms)
PASS linked bound worktree lands through its own native admin paths and guarded ancillary transactions (1973ms)
PASS native guard rejects wrong old/new/ref, HEAD-only, symbolic/detached binding and malformed/missing context (1064ms)
PASS same-tree backward drift rejected by ORIG_HEAD guard before checkout; final guard independently rejects wrong-old (1098ms)
PASS during-command same-tree ref race preserves third OID and partial OWN checkout (901ms)
PASS during-command different-tree ref race preserves third OID and partial OWN checkout (910ms)
PASS foreign refs/heads/main.lock retained, no speculative removal (1366ms)
PASS foreign HEAD.lock retained, no speculative removal (1342ms)
PASS foreign index.lock retained, no speculative removal (1227ms)
PASS preexisting tracked state retained and not accepted (830ms)
PASS preexisting index state retained and not accepted (877ms)
PASS preexisting untracked state retained and not accepted (1463ms)
PASS preexisting ignored state retained and not accepted (611ms)
PASS preexisting directory state retained and not accepted (867ms)
PASS preexisting symlink state retained and not accepted (944ms)
PASS preexisting sequencer state retained and not accepted (655ms)
PASS preexisting branch state retained and not accepted (579ms)
PASS preexisting duplicate state retained and not accepted (663ms)
PASS untracked working attributes cannot activate unapproved filters (480ms)
PASS ignored working attributes cannot activate unapproved filters (524ms)
PASS private refs use exact expected-absent CAS and reject symbolic/conflicting replay (529ms)
PASS common-dir lock serializes linked worktrees and native common/admin/root replacement rejects (692ms)
PASS a copied linked-worktree gitfile cannot impersonate the sole registered branch checkout (733ms)
PASS conflict and required unsupported attributes fail closed without target movement (967ms)
PASS configured hooks: complete actual driver disables hooks installed at initial (26814ms)
PASS configured hooks: complete actual driver disables hooks installed at landing-intent (28059ms)
PASS configured hooks: initial dirty rejection runs no hook or validation command (16933ms)
PASS configured hooks: old fresh-service recovery executes no hook (29833ms)
PASS configured hooks: new fresh-service recovery executes no hook (28367ms)
PASS configured hooks: fresh-service composed closure runs no hook (18723ms)
PASS configured hooks: validation-installed local config is disabled before observation, cleanup, recovery and closure (28678ms)
PASS configured hooks: validation-installed include config is disabled before observation, cleanup, recovery and closure (34136ms)
PASS configured hooks: validation-installed worktree config is disabled before observation, cleanup, recovery and closure (22567ms)
PASS fresh closure rejects replacement common directory before creating any lock, claim or files (18014ms)
PASS attribute guard rejects staged attributes on initial driver dispatch without running filters (16716ms)
PASS attribute guard blocks old fresh recovery and closure before filter execution (27337ms)
PASS attribute guard blocks new fresh recovery and closure before filter execution (28379ms)
PASS attribute guard blocks third fresh recovery and closure before filter execution (27257ms)
PASS attribute guard blocks no-landing fresh recovery and closure before filter execution (18958ms)
PASS attribute guard rechecks the durable landing launch boundary (26359ms)
PASS attribute guard rejects validation-installed ignored attributes before post-command observation (21203ms)
PASS attribute guard rejects validation-installed index-only attributes before post-command observation (21098ms)
PASS real two-node integration across fresh services: isolated prefix/final, exact proposal, acceptance once and successor readiness (65388ms)
PASS actual final nonPASS blocks landing, retains exact results on replay, cannot bypass lifecycle or generation (27150ms)
PASS durable landing-intent acknowledgement loss: fresh reload reconciles once (30744ms)
PASS durable git-exited acknowledgement loss: fresh reload reconciles once (29534ms)
PASS durable landed acknowledgement loss: fresh reload reconciles once (30231ms)
PASS pause/cancellation during actual combined check persists immediately (no long snapshot lock) and never lands (26613ms)
PASS supervisor retains common-dir exclusion after owner descriptor closure until complete subtree settlement (721ms)
PASS persisted native binding rejects copied common directory after a fresh service restart (26095ms)
PASS stored combined evidence rejects stale candidate/prefix corruption; lease takeover fences dispatch without repeating checks (31242ms)
PASS repository user hooks never run, including configured hook directories (1136ms)
PASS native root replacement retains original binding instead of adopting copied resources (693ms)
PASS native admin replacement retains original binding instead of adopting copied resources (721ms)
PASS real Git SIGKILL before-checkout: retain effects and reconcile without rollback (28078ms)
PASS real Git SIGKILL after-checkout: retain effects and reconcile without rollback (28242ms)
PASS real Git SIGKILL after-ref: retain effects and reconcile without rollback (28474ms)
PASS successful no-op command acknowledgement is old-clean, never completion; bounded real redispatch (34370ms)
PASS real owner SIGKILL at landing-intent, fresh lease and service recover one landing (30012ms)
PASS real owner SIGKILL at git-exited, fresh lease and service recover one landing (28315ms)
61/61 native acceptance tests passed
