ok - native prefix --assume-unchanged: zero-exit hidden edit is nonPASS, retained, never landed or replayed (21045ms)
ok - native final --assume-unchanged: zero-exit hidden edit is nonPASS, retained, never landed or replayed (23675ms)
ok - native prefix --skip-worktree: zero-exit hidden edit is nonPASS, retained, never landed or replayed (21812ms)
ok - native final --skip-worktree: zero-exit hidden edit is nonPASS, retained, never landed or replayed (24612ms)
ok - lifecycle --assume-unchanged without byte edits is still ambiguous, nonPASS and retained on reload (1347ms)
ok - lifecycle --skip-worktree without byte edits is still ambiguous, nonPASS and retained on reload (1432ms)
ok - lifecycle fsmonitor-valid is rejected even when inspection disables fsmonitor (1149ms)
ok - lifecycle --split-index state is nonordinary and retained (1134ms)
ok - lifecycle --untracked-cache state is nonordinary and retained (1185ms)
ok - lifecycle raw bytes defeat a forged clean stat cache without index flags (1315ms)
ok - sha1 index v2: ordinary raw files, executable, symlink and unusual paths PASS and clean up (1332ms)
ok - sha1 index v3: ordinary raw files, executable, symlink and unusual paths PASS and clean up (1155ms)
ok - sha1 index v4: ordinary raw files, executable, symlink and unusual paths PASS and clean up (1281ms)
ok - sha256 index v2: ordinary raw files, executable, symlink and unusual paths PASS and clean up (1428ms)
ok - sha256 index v3: ordinary raw files, executable, symlink and unusual paths PASS and clean up (1250ms)
ok - sha256 index v4: ordinary raw files, executable, symlink and unusual paths PASS and clean up (1323ms)
ok - lifecycle ignores core.fileMode=false as evidence of unchanged executable mode (1177ms)
ok - before-verification: an ambiguous workspace is never invoked/deleted based on an earlier clean observation (815ms)
ok - before-cleanup: an ambiguous workspace is never invoked/deleted based on an earlier clean observation (1260ms)
19/19 workspace tests passed
