PASS closed applicability and oracle schema cannot skip checkpoints or add attestation fields (0.08s)
PASS worker claim and permissive integration adapter cannot advance; complete actual F0-F8 can (13.49s)
PASS missing, wrong-plan, attempt, generation and candidate results never advance (1.16s)
PASS failed argv retains exact exit, timing, bounded output and actionable diagnostics (1.01s)
PASS only actually invoked producers are evidence; missing producers and executables block (2.30s)
PASS command acknowledgement loss and service reload read one durable execution (1.11s)
PASS F2/F5 must be fresh independent contexts even for a trusted result adapter (5.40s)
PASS candidate changes invalidate F2/F5/F7/readiness, preserve prior results and quarantine late outcomes (11.21s)
PASS F7 checks run on clean materializations of exact final candidate; editing checks fail (4.97s)
PASS pause permits settlement but not dispatch; cancellation fences before signal and quarantines late results (1.71s)
PASS unlaunched cancelled intent cannot spawn and needs explicit durable non-execution reconciliation (0.66s)
PASS typed plan-affecting findings stop the whole run; explicit disposition required (0.90s)
PASS test-evidence findings route F6 to F3 without discarding unchanged F2, production defects route F1 (13.04s)
PASS per-dimension retries and no-progress stop; replacements cannot reset counters (2.24s)
PASS infrastructure retry has its own one-retry ceiling (0.82s)
PASS executor process death leaves ambiguity, not replay; verified settlement permits bounded retry (1.25s)
PASS not-applicable check has positive plan evidence and is never invoked or attested (9.47s)
PASS producer callback alone cannot claim a fresh F5 context; malformed output settles as protocol failure (6.54s)
PASS process death after result rename reconciles exact durable outcome without reexecution (1.43s)
PASS a real behavioral oracle fails on an invalid committed candidate despite static success (2.66s)
PASS cancellation between durable job intent and actual invocation cannot start a producer (0.62s)
PASS recurring candidate tree stops at adoption and retained history survives replacement (0.64s)
PASS independent evaluator contexts cannot be reused across work items (3.07s)
PASS inherited Git selectors/config cannot redirect source inspection, checks or no-edit validation (0.85s)
PASS contradictory dirty cleanup cannot retain a PASS even if the cleanliness observer claimed clean (0.89s)
PASS same-session unref descendant prevents premature settlement/cleanup (normal leader exit) (2.81s)
PASS same-session unref descendant prevents premature settlement/cleanup (abort with TERM resistance) (2.14s)
PASS timeout escalation survives argv leader close and kills TERM-resistant descendants (1.68s)
PASS uncertain settlement retains a BLOCKED journal and workspace, not a settled retryable outcome (1.21s)
PASS executor crash preserves a durable session identity; live descendants forbid reconciliation and retry (2.86s)
PASS finite fork/exit handoff requires kernel extinction before durable result (normal) (2.38s)
PASS finite fork/exit handoff requires kernel extinction before durable result (cancelled) (2.71s)
PASS finite handoff crash reconciliation: lost owner (3.07s)
PASS finite handoff crash reconciliation: lost outcome acknowledgement (2.74s)
PASS finite handoff crash reconciliation: lost supervisor (2.90s)
PASS current-intent fencing at the subreaper gate prevents actual command launch (0.76s)
PASS missing Python capability fails closed before argv launch (0.03s)
37/37 passed
