PASS closed applicability and oracle schema cannot skip checkpoints or add attestation fields (0.12s)
PASS worker claim and permissive integration adapter cannot advance; complete actual F0-F8 can (25.38s)
PASS missing, wrong-plan, attempt, generation and candidate results never advance (3.69s)
PASS failed argv retains exact exit, timing, bounded output and actionable diagnostics (1.49s)
PASS only actually invoked producers are evidence; missing producers and executables block (4.50s)
PASS command acknowledgement loss and service reload read one durable execution (1.55s)
PASS F2/F5 must be fresh independent contexts even for a trusted result adapter (7.35s)
PASS candidate changes invalidate F2/F5/F7/readiness, preserve prior results and quarantine late outcomes (18.26s)
PASS F7 checks run on clean materializations of exact final candidate; editing checks fail (8.60s)
PASS pause permits settlement but not dispatch; cancellation fences before signal and quarantines late results (2.33s)
PASS unlaunched cancelled intent cannot spawn and needs explicit durable non-execution reconciliation (1.35s)
PASS typed plan-affecting findings stop the whole run; explicit disposition required (1.50s)
PASS test-evidence findings route F6 to F3 without discarding unchanged F2, production defects route F1 (19.43s)
PASS per-dimension retries and no-progress stop; replacements cannot reset counters (3.85s)
PASS infrastructure retry has its own one-retry ceiling (1.93s)
PASS executor process death leaves ambiguity, not replay; verified settlement permits bounded retry (1.59s)
PASS not-applicable check has positive plan evidence and is never invoked or attested (14.19s)
PASS producer callback alone cannot claim a fresh F5 context; malformed output settles as protocol failure (11.06s)
PASS process death after result rename reconciles exact durable outcome without reexecution (3.59s)
PASS a real behavioral oracle fails on an invalid committed candidate despite static success (2.37s)
PASS cancellation between durable job intent and actual invocation cannot start a producer (1.00s)
PASS recurring candidate tree stops at adoption and retained history survives replacement (0.79s)
PASS independent evaluator contexts cannot be reused across work items (5.45s)
PASS inherited Git selectors/config cannot redirect source inspection, checks or no-edit validation (1.91s)
PASS contradictory dirty cleanup cannot retain a PASS even if the cleanliness observer claimed clean (1.18s)
PASS same-session unref descendant prevents premature settlement/cleanup (normal leader exit) (3.09s)
PASS same-session unref descendant prevents premature settlement/cleanup (abort with TERM resistance) (2.54s)
PASS timeout escalation survives argv leader close and kills TERM-resistant descendants (1.66s)
PASS uncertain settlement retains a BLOCKED journal and workspace, not a settled retryable outcome (1.43s)
PASS executor crash preserves a durable session identity; live descendants forbid reconciliation and retry (3.88s)
PASS finite fork/exit handoff requires kernel extinction before durable result (normal) (2.62s)
PASS finite fork/exit handoff requires kernel extinction before durable result (cancelled) (4.18s)
PASS finite handoff crash reconciliation: lost owner (3.46s)
PASS finite handoff crash reconciliation: lost outcome acknowledgement (3.98s)
PASS finite handoff crash reconciliation: lost supervisor (4.29s)
PASS current-intent fencing at the subreaper gate prevents actual command launch (2.18s)
PASS missing Python capability fails closed before argv launch (0.03s)
37/37 passed
