PASS closed applicability and oracle schema cannot skip checkpoints or add attestation fields (0.04s)
PASS worker claim and permissive integration adapter cannot advance; complete actual F0-F8 can (14.98s)
PASS missing, wrong-plan, attempt, generation and candidate results never advance (1.41s)
PASS failed argv retains exact exit, timing, bounded output and actionable diagnostics (1.14s)
PASS only actually invoked producers are evidence; missing producers and executables block (2.84s)
PASS command acknowledgement loss and service reload read one durable execution (1.72s)
PASS F2/F5 must be fresh independent contexts even for a trusted result adapter (5.68s)
PASS candidate changes invalidate F2/F5/F7/readiness, preserve prior results and quarantine late outcomes (14.20s)
PASS F7 checks run on clean materializations of exact final candidate; editing checks fail (6.28s)
PASS pause permits settlement but not dispatch; cancellation fences before signal and quarantines late results (2.78s)
PASS unlaunched cancelled intent cannot spawn and needs explicit durable non-execution reconciliation (0.77s)
PASS typed plan-affecting findings stop the whole run; explicit disposition required (1.02s)
PASS test-evidence findings route F6 to F3 without discarding unchanged F2, production defects route F1 (15.18s)
PASS per-dimension retries and no-progress stop; replacements cannot reset counters (3.23s)
PASS infrastructure retry has its own one-retry ceiling (2.36s)
PASS executor process death leaves ambiguity, not replay; verified settlement permits bounded retry (1.37s)
PASS not-applicable check has positive plan evidence and is never invoked or attested (14.25s)
PASS producer callback alone cannot claim a fresh F5 context; malformed output settles as protocol failure (11.38s)
PASS process death after result rename reconciles exact durable outcome without reexecution (3.79s)
PASS a real behavioral oracle fails on an invalid committed candidate despite static success (4.22s)
PASS cancellation between durable job intent and actual invocation cannot start a producer (2.58s)
PASS recurring candidate tree stops at adoption and retained history survives replacement (2.29s)
PASS independent evaluator contexts cannot be reused across work items (10.10s)
PASS inherited Git selectors/config cannot redirect source inspection, checks or no-edit validation (2.56s)
PASS contradictory dirty cleanup cannot retain a PASS even if the cleanliness observer claimed clean (3.09s)
PASS same-session unref descendant prevents premature settlement/cleanup (normal leader exit) (4.29s)
PASS same-session unref descendant prevents premature settlement/cleanup (abort with TERM resistance) (4.76s)
PASS timeout escalation survives argv leader close and kills TERM-resistant descendants (1.70s)
PASS uncertain settlement retains a BLOCKED journal and workspace, not a settled retryable outcome (2.16s)
PASS executor crash preserves a durable session identity; live descendants forbid reconciliation and retry (5.10s)
PASS finite fork/exit handoff requires kernel extinction before durable result (normal) (4.90s)
PASS finite fork/exit handoff requires kernel extinction before durable result (cancelled) (4.99s)
PASS finite handoff crash reconciliation: lost owner (5.72s)
PASS finite handoff crash reconciliation: lost outcome acknowledgement (4.92s)
PASS finite handoff crash reconciliation: lost supervisor (3.58s)
PASS current-intent fencing at the subreaper gate prevents actual command launch (1.68s)
PASS missing Python capability fails closed before argv launch (0.03s)
37/37 passed
